[0.012s] Invoking command in '/home/zeynep/Desktop/Arac_Ws/build/bee1_description': CMAKE_PREFIX_PATH=${CMAKE_PREFIX_PATH}:/opt/ros/foxy /usr/bin/cmake /home/zeynep/Desktop/Arac_Ws/src/bee1_description -DAMENT_CMAKE_SYMLINK_INSTALL=1 -DCMAKE_INSTALL_PREFIX=/home/zeynep/Desktop/Arac_Ws/install/bee1_description
[0.065s] -- The C compiler identification is GNU 9.4.0
[0.106s] -- The CXX compiler identification is GNU 9.4.0
[0.112s] -- Check for working C compiler: /usr/bin/cc
[0.184s] -- Check for working C compiler: /usr/bin/cc -- works
[0.184s] -- Detecting C compiler ABI info
[0.243s] -- Detecting C compiler ABI info - done
[0.250s] -- Detecting C compile features
[0.250s] -- Detecting C compile features - done
[0.252s] -- Check for working CXX compiler: /usr/bin/c++
[0.318s] -- Check for working CXX compiler: /usr/bin/c++ -- works
[0.319s] -- Detecting CXX compiler ABI info
[0.402s] -- Detecting CXX compiler ABI info - done
[0.410s] -- Detecting CXX compile features
[0.410s] -- Detecting CXX compile features - done
[0.412s] -- Found ament_cmake: 0.9.12 (/opt/ros/foxy/share/ament_cmake/cmake)
[0.433s] -- Found PythonInterp: /usr/bin/python3 (found suitable version "3.8.10", minimum required is "3") 
[0.434s] -- Using PYTHON_EXECUTABLE: /usr/bin/python3
[0.550s] -- Override CMake install command with custom implementation using symlinks instead of copying resources
[0.569s] -- Found rclcpp: 2.4.3 (/opt/ros/foxy/share/rclcpp/cmake)
[0.601s] -- Using all available rosidl_typesupport_c: rosidl_typesupport_fastrtps_c;rosidl_typesupport_introspection_c
[0.608s] -- Found rosidl_adapter: 1.3.1 (/opt/ros/foxy/share/rosidl_adapter/cmake)
[0.684s] -- Found OpenSSL: /usr/lib/x86_64-linux-gnu/libcrypto.so (found version "1.1.1f")  
[0.708s] -- Found FastRTPS: /opt/ros/foxy/include  
[0.772s] -- Using all available rosidl_typesupport_cpp: rosidl_typesupport_fastrtps_cpp;rosidl_typesupport_introspection_cpp
[0.811s] -- Found rmw_implementation_cmake: 1.0.4 (/opt/ros/foxy/share/rmw_implementation_cmake/cmake)
[0.812s] -- Using RMW implementation 'rmw_fastrtps_cpp' as default
[0.813s] -- Looking for pthread.h
[0.888s] -- Looking for pthread.h - found
[0.888s] -- Performing Test CMAKE_HAVE_LIBC_PTHREAD
[0.956s] -- Performing Test CMAKE_HAVE_LIBC_PTHREAD - Failed
[0.956s] -- Looking for pthread_create in pthreads
[1.007s] -- Looking for pthread_create in pthreads - not found
[1.007s] -- Looking for pthread_create in pthread
[1.069s] -- Looking for pthread_create in pthread - found
[1.070s] -- Found Threads: TRUE  
[1.185s] -- Found ament_lint_auto: 0.9.8 (/opt/ros/foxy/share/ament_lint_auto/cmake)
[1.255s] -- Added test 'copyright' to check source files copyright and LICENSE
[1.258s] -- Added test 'flake8' to check Python code syntax and style conventions
[1.259s] -- Added test 'lint_cmake' to check CMake code style
[1.260s] -- Added test 'pep257' to check Python code against some of the style conventions in PEP 257
[1.262s] -- Added test 'xmllint' to check XML markup files
[1.265s] -- Configuring done
[1.267s] -- Generating done
[1.268s] -- Build files have been written to: /home/zeynep/Desktop/Arac_Ws/build/bee1_description
[1.278s] Invoked command in '/home/zeynep/Desktop/Arac_Ws/build/bee1_description' returned '0': CMAKE_PREFIX_PATH=${CMAKE_PREFIX_PATH}:/opt/ros/foxy /usr/bin/cmake /home/zeynep/Desktop/Arac_Ws/src/bee1_description -DAMENT_CMAKE_SYMLINK_INSTALL=1 -DCMAKE_INSTALL_PREFIX=/home/zeynep/Desktop/Arac_Ws/install/bee1_description
[1.279s] Invoking command in '/home/zeynep/Desktop/Arac_Ws/build/bee1_description': CMAKE_PREFIX_PATH=${CMAKE_PREFIX_PATH}:/opt/ros/foxy /usr/bin/cmake --build /home/zeynep/Desktop/Arac_Ws/build/bee1_description -- -j8 -l8
[1.313s] Invoked command in '/home/zeynep/Desktop/Arac_Ws/build/bee1_description' returned '0': CMAKE_PREFIX_PATH=${CMAKE_PREFIX_PATH}:/opt/ros/foxy /usr/bin/cmake --build /home/zeynep/Desktop/Arac_Ws/build/bee1_description -- -j8 -l8
[1.327s] Invoking command in '/home/zeynep/Desktop/Arac_Ws/build/bee1_description': CMAKE_PREFIX_PATH=${CMAKE_PREFIX_PATH}:/opt/ros/foxy /usr/bin/cmake --install /home/zeynep/Desktop/Arac_Ws/build/bee1_description
[1.334s] -- Install configuration: ""
[1.334s] -- Execute custom install script
[1.335s] -- Symlinking: /home/zeynep/Desktop/Arac_Ws/install/bee1_description/share/bee1_description/launch/__pycache__/spawn_bee1.launch.cpython-38.pyc
[1.347s] -- Symlinking: /home/zeynep/Desktop/Arac_Ws/install/bee1_description/share/bee1_description/launch/spawn_bee1.launch.py
[1.375s] -- Symlinking: /home/zeynep/Desktop/Arac_Ws/install/bee1_description/share/bee1_description/urdf/bee1.xacro
[1.384s] -- Symlinking: /home/zeynep/Desktop/Arac_Ws/install/bee1_description/share/bee1_description/urdf/bee1.xacro.save
[1.393s] -- Symlinking: /home/zeynep/Desktop/Arac_Ws/install/bee1_description/share/ament_index/resource_index/package_run_dependencies/bee1_description
[1.403s] -- Symlinking: /home/zeynep/Desktop/Arac_Ws/install/bee1_description/share/ament_index/resource_index/parent_prefix_path/bee1_description
[1.411s] -- Symlinking: /home/zeynep/Desktop/Arac_Ws/install/bee1_description/share/bee1_description/environment/ament_prefix_path.sh
[1.419s] -- Symlinking: /home/zeynep/Desktop/Arac_Ws/install/bee1_description/share/bee1_description/environment/ament_prefix_path.dsv
[1.426s] -- Symlinking: /home/zeynep/Desktop/Arac_Ws/install/bee1_description/share/bee1_description/environment/path.sh
[1.434s] -- Symlinking: /home/zeynep/Desktop/Arac_Ws/install/bee1_description/share/bee1_description/environment/path.dsv
[1.444s] -- Symlinking: /home/zeynep/Desktop/Arac_Ws/install/bee1_description/share/bee1_description/local_setup.bash
[1.453s] -- Symlinking: /home/zeynep/Desktop/Arac_Ws/install/bee1_description/share/bee1_description/local_setup.sh
[1.464s] -- Symlinking: /home/zeynep/Desktop/Arac_Ws/install/bee1_description/share/bee1_description/local_setup.zsh
[1.471s] -- Symlinking: /home/zeynep/Desktop/Arac_Ws/install/bee1_description/share/bee1_description/local_setup.dsv
[1.479s] -- Symlinking: /home/zeynep/Desktop/Arac_Ws/install/bee1_description/share/bee1_description/package.dsv
[1.488s] -- Symlinking: /home/zeynep/Desktop/Arac_Ws/install/bee1_description/share/ament_index/resource_index/packages/bee1_description
[1.495s] -- Symlinking: /home/zeynep/Desktop/Arac_Ws/install/bee1_description/share/bee1_description/cmake/bee1_descriptionConfig.cmake
[1.502s] -- Symlinking: /home/zeynep/Desktop/Arac_Ws/install/bee1_description/share/bee1_description/cmake/bee1_descriptionConfig-version.cmake
[1.510s] -- Symlinking: /home/zeynep/Desktop/Arac_Ws/install/bee1_description/share/bee1_description/package.xml
[1.519s] Invoked command in '/home/zeynep/Desktop/Arac_Ws/build/bee1_description' returned '0': CMAKE_PREFIX_PATH=${CMAKE_PREFIX_PATH}:/opt/ros/foxy /usr/bin/cmake --install /home/zeynep/Desktop/Arac_Ws/build/bee1_description
