[0.022s] Invoking command in '/home/zeynep/Desktop/Arac_Ws/build/bee1_description': CMAKE_PREFIX_PATH=${CMAKE_PREFIX_PATH}:/opt/ros/foxy /usr/bin/cmake /home/zeynep/Desktop/Arac_Ws/src/bee1_description -DCMAKE_INSTALL_PREFIX=/home/zeynep/Desktop/Arac_Ws/install/bee1_description
[0.076s] -- The C compiler identification is GNU 9.4.0
[0.121s] -- The CXX compiler identification is GNU 9.4.0
[0.125s] -- Check for working C compiler: /usr/bin/cc
[0.194s] -- Check for working C compiler: /usr/bin/cc -- works
[0.195s] -- Detecting C compiler ABI info
[0.264s] -- Detecting C compiler ABI info - done
[0.273s] -- Detecting C compile features
[0.274s] -- Detecting C compile features - done
[0.275s] -- Check for working CXX compiler: /usr/bin/c++
[0.340s] -- Check for working CXX compiler: /usr/bin/c++ -- works
[0.341s] -- Detecting CXX compiler ABI info
[0.413s] -- Detecting CXX compiler ABI info - done
[0.423s] -- Detecting CXX compile features
[0.424s] -- Detecting CXX compile features - done
[0.425s] -- Found ament_cmake: 0.9.12 (/opt/ros/foxy/share/ament_cmake/cmake)
[0.448s] -- Found PythonInterp: /usr/bin/python3 (found suitable version "3.8.10", minimum required is "3") 
[0.448s] -- Using PYTHON_EXECUTABLE: /usr/bin/python3
[0.594s] -- Found rclcpp: 2.4.3 (/opt/ros/foxy/share/rclcpp/cmake)
[0.629s] -- Using all available rosidl_typesupport_c: rosidl_typesupport_fastrtps_c;rosidl_typesupport_introspection_c
[0.636s] -- Found rosidl_adapter: 1.3.1 (/opt/ros/foxy/share/rosidl_adapter/cmake)
[0.703s] -- Found OpenSSL: /usr/lib/x86_64-linux-gnu/libcrypto.so (found version "1.1.1f")  
[0.726s] -- Found FastRTPS: /opt/ros/foxy/include  
[0.793s] -- Using all available rosidl_typesupport_cpp: rosidl_typesupport_fastrtps_cpp;rosidl_typesupport_introspection_cpp
[0.842s] -- Found rmw_implementation_cmake: 1.0.4 (/opt/ros/foxy/share/rmw_implementation_cmake/cmake)
[0.842s] -- Using RMW implementation 'rmw_fastrtps_cpp' as default
[0.844s] -- Looking for pthread.h
[0.914s] -- Looking for pthread.h - found
[0.914s] -- Performing Test CMAKE_HAVE_LIBC_PTHREAD
[0.981s] -- Performing Test CMAKE_HAVE_LIBC_PTHREAD - Failed
[0.981s] -- Looking for pthread_create in pthreads
[1.040s] -- Looking for pthread_create in pthreads - not found
[1.040s] -- Looking for pthread_create in pthread
[1.109s] -- Looking for pthread_create in pthread - found
[1.110s] -- Found Threads: TRUE  
[1.239s] -- Found ament_lint_auto: 0.9.8 (/opt/ros/foxy/share/ament_lint_auto/cmake)
[1.298s] -- Added test 'copyright' to check source files copyright and LICENSE
[1.300s] -- Added test 'flake8' to check Python code syntax and style conventions
[1.300s] -- Added test 'lint_cmake' to check CMake code style
[1.301s] -- Added test 'pep257' to check Python code against some of the style conventions in PEP 257
[1.301s] -- Added test 'xmllint' to check XML markup files
[1.304s] -- Configuring done
[1.305s] -- Generating done
[1.307s] -- Build files have been written to: /home/zeynep/Desktop/Arac_Ws/build/bee1_description
[1.313s] Invoked command in '/home/zeynep/Desktop/Arac_Ws/build/bee1_description' returned '0': CMAKE_PREFIX_PATH=${CMAKE_PREFIX_PATH}:/opt/ros/foxy /usr/bin/cmake /home/zeynep/Desktop/Arac_Ws/src/bee1_description -DCMAKE_INSTALL_PREFIX=/home/zeynep/Desktop/Arac_Ws/install/bee1_description
[1.319s] Invoking command in '/home/zeynep/Desktop/Arac_Ws/build/bee1_description': CMAKE_PREFIX_PATH=${CMAKE_PREFIX_PATH}:/opt/ros/foxy /usr/bin/cmake --build /home/zeynep/Desktop/Arac_Ws/build/bee1_description -- -j8 -l8
[1.377s] Invoked command in '/home/zeynep/Desktop/Arac_Ws/build/bee1_description' returned '0': CMAKE_PREFIX_PATH=${CMAKE_PREFIX_PATH}:/opt/ros/foxy /usr/bin/cmake --build /home/zeynep/Desktop/Arac_Ws/build/bee1_description -- -j8 -l8
[1.394s] Invoking command in '/home/zeynep/Desktop/Arac_Ws/build/bee1_description': CMAKE_PREFIX_PATH=${CMAKE_PREFIX_PATH}:/opt/ros/foxy /usr/bin/cmake --install /home/zeynep/Desktop/Arac_Ws/build/bee1_description
[1.405s] -- Install configuration: ""
[1.406s] -- Installing: /home/zeynep/Desktop/Arac_Ws/install/bee1_description/share/bee1_description/config
[1.406s] -- Installing: /home/zeynep/Desktop/Arac_Ws/install/bee1_description/share/bee1_description/launch
[1.406s] -- Installing: /home/zeynep/Desktop/Arac_Ws/install/bee1_description/share/bee1_description/launch/spawn_bee1.launch.py
[1.406s] -- Installing: /home/zeynep/Desktop/Arac_Ws/install/bee1_description/share/bee1_description/meshes
[1.406s] -- Installing: /home/zeynep/Desktop/Arac_Ws/install/bee1_description/share/bee1_description/rviz
[1.407s] -- Installing: /home/zeynep/Desktop/Arac_Ws/install/bee1_description/share/bee1_description/urdf
[1.407s] -- Installing: /home/zeynep/Desktop/Arac_Ws/install/bee1_description/share/bee1_description/urdf/bee1.xacro
[1.407s] -- Installing: /home/zeynep/Desktop/Arac_Ws/install/bee1_description/share/ament_index/resource_index/package_run_dependencies/bee1_description
[1.407s] -- Installing: /home/zeynep/Desktop/Arac_Ws/install/bee1_description/share/ament_index/resource_index/parent_prefix_path/bee1_description
[1.407s] -- Installing: /home/zeynep/Desktop/Arac_Ws/install/bee1_description/share/bee1_description/environment/ament_prefix_path.sh
[1.408s] -- Installing: /home/zeynep/Desktop/Arac_Ws/install/bee1_description/share/bee1_description/environment/ament_prefix_path.dsv
[1.408s] -- Installing: /home/zeynep/Desktop/Arac_Ws/install/bee1_description/share/bee1_description/environment/path.sh
[1.408s] -- Installing: /home/zeynep/Desktop/Arac_Ws/install/bee1_description/share/bee1_description/environment/path.dsv
[1.408s] -- Installing: /home/zeynep/Desktop/Arac_Ws/install/bee1_description/share/bee1_description/local_setup.bash
[1.408s] -- Installing: /home/zeynep/Desktop/Arac_Ws/install/bee1_description/share/bee1_description/local_setup.sh
[1.409s] -- Installing: /home/zeynep/Desktop/Arac_Ws/install/bee1_description/share/bee1_description/local_setup.zsh
[1.409s] -- Installing: /home/zeynep/Desktop/Arac_Ws/install/bee1_description/share/bee1_description/local_setup.dsv
[1.409s] -- Installing: /home/zeynep/Desktop/Arac_Ws/install/bee1_description/share/bee1_description/package.dsv
[1.409s] -- Installing: /home/zeynep/Desktop/Arac_Ws/install/bee1_description/share/ament_index/resource_index/packages/bee1_description
[1.409s] -- Installing: /home/zeynep/Desktop/Arac_Ws/install/bee1_description/share/bee1_description/cmake/bee1_descriptionConfig.cmake
[1.409s] -- Installing: /home/zeynep/Desktop/Arac_Ws/install/bee1_description/share/bee1_description/cmake/bee1_descriptionConfig-version.cmake
[1.410s] -- Installing: /home/zeynep/Desktop/Arac_Ws/install/bee1_description/share/bee1_description/package.xml
[1.411s] Invoked command in '/home/zeynep/Desktop/Arac_Ws/build/bee1_description' returned '0': CMAKE_PREFIX_PATH=${CMAKE_PREFIX_PATH}:/opt/ros/foxy /usr/bin/cmake --install /home/zeynep/Desktop/Arac_Ws/build/bee1_description
